[2026-01-08 19:54:07 UTC] Starting weekly TQQQ volatility report
[2026-01-08 19:54:07 UTC] Fetching TQQQ price data
[2026-01-08 19:54:08 UTC] Prev: 50%  Curr: 45%  Cash: 55%
[2026-01-08 19:54:08 UTC] Wrote report: /home/runner/work/tqqq-vol-target/tqqq-vol-target/output/weekly_report.html
[2026-01-08 19:54:08 UTC] Weekly report completed successfully
[2026-01-08 20:21:09 UTC] Starting weekly TQQQ volatility report
[2026-01-08 20:21:09 UTC] Fetching TQQQ price data
[2026-01-08 20:21:10 UTC] Prev: 50%  Curr: 45%  Cash: 55%
[2026-01-08 20:21:10 UTC] Wrote report: /home/runner/work/tqqq-vol-target/tqqq-vol-target/output/weekly_report.html
[2026-01-08 20:21:10 UTC] Weekly report completed successfully
[2026-01-08 20:26:35 UTC] Starting weekly TQQQ volatility report
[2026-01-08 20:26:35 UTC] Fetching TQQQ price data
[2026-01-08 20:26:36 UTC] Prev: 50%  Curr: 50%  Cash: 50%
[2026-01-08 20:26:36 UTC] Wrote report: /home/runner/work/tqqq-vol-target/tqqq-vol-target/output/weekly_report.html
[2026-01-08 20:26:36 UTC] Weekly report completed successfully
[2026-01-08 20:52:46 UTC] Starting weekly TQQQ volatility report
[2026-01-08 20:52:46 UTC] Fetching TQQQ price data
[2026-01-08 20:52:47 UTC] Prev: 50%  Curr: 45%  Cash: 55%
[2026-01-08 20:52:47 UTC] Wrote report: /home/runner/work/tqqq-vol-target/tqqq-vol-target/output/weekly_report.html
[2026-01-08 20:52:47 UTC] Weekly report completed successfully
[2026-01-08 21:14:28 UTC] Starting weekly TQQQ volatility report
[2026-01-08 21:14:28 UTC] Fetching TQQQ price data
[2026-01-08 21:14:29 UTC] Prev: 50%  Curr: 50%  Cash: 50%
[2026-01-08 21:14:29 UTC] Wrote report: /home/runner/work/tqqq-vol-target/tqqq-vol-target/output/weekly_report.html
[2026-01-08 21:14:29 UTC] Weekly report completed successfully
[2026-01-08 21:28:11 UTC] Starting weekly TQQQ volatility report
[2026-01-08 21:28:11 UTC] Fetching TQQQ price data
[2026-01-08 21:28:12 UTC] Prev: 50%  Curr: 50%  Cash: 50%
[2026-01-08 21:28:12 UTC] Wrote subject: TQQQ Vol Target | 50% TQQQ / 50% Cash | Vol20=42.1%
[2026-01-08 21:28:12 UTC] Wrote report: /home/runner/work/tqqq-vol-target/tqqq-vol-target/output/weekly_report.html
[2026-01-08 21:28:12 UTC] Weekly report completed successfully
